[aladrive.com/index.html]
[backblue.gif]
[fade.gif]
[index.html]
[images.squarespace-cdn.com/content/5e6b4d205869b318a30811a9/1584090463185-DGKR7E61G68H70P507SK/ADA+Chosen+Logo2acd.png]
[use.typekit.net/ik/lJ7q4WxJpT8YwAKdgOz_BqtjA8uYCu1tgm6OqWeAR7Gfe06IfFHN4UJLFRbh52jhWDm8FcJXZ2J3FQ6h5AJDwQyywDMtwQBy5s7yMkG0jAFu-WsoShFGZAsude80ZkoRdhXCHKoyjamTiY8Djhy8ZYmC-Ao1Oco8if37OcBDOcu8OfG0-Y]
[assets.squarespace.com/@sqs/polyfiller/1.6/legacy.js]
[assets.squarespace.com/@sqs/polyfiller/1.6/modern.js]
[assets.squarespace.com/universal/scripts-compressed/extract-css-runtime-bdee209b3d4009576ed5-min.en-US.js]
[assets.squarespace.com/universal/scripts-compressed/cldr-resource-pack-457f4d444e0242501efb-min.en-US.js]
[assets.squarespace.com/universal/scripts-compressed/common-vendors-stable-61293f01d648eef165fc-min.en-US.js]
[assets.squarespace.com/universal/scripts-compressed/extract-css-moment-js-vendor-6c569122bfa66a51a056-min.en-US.js]
[assets.squarespace.com/universal/scripts-compressed/performance-6103798e486f903dfbc9-min.en-US.js]
[static1.squarespace.com/static/versioned-site-css/5e6b4d205869b318a30811a9/84/5c5a519771c10ba3470d8101/5e6b4d215869b318a30811c3/1607/site.css]
[static1.squarespace.com/static/vta/5c5a519771c10ba3470d8101/versioned-assets/1738173351596-3CBVET3968X52MOL3HSY/static.css]
[aladrive.com/cart.html]
[assets.squarespace.com/universal/scripts-compressed/common-vendors-b5ac04963ac210623a45-min.en-US.js]
[images.squarespace-cdn.com/content/v1/5e6b4d205869b318a30811a9/1584090463185-DGKR7E61G68H70P507SK/ADA+Chosen+Logo26f7.png]
[images.squarespace-cdn.com/content/v1/5e6b4d205869b318a30811a9/1584093130919-D98VLG5LG196G9XONVAR/samuele-errico-piccarini-qAc3UNF8Hm4-unsplash.jpg]
[images.squarespace-cdn.com/content/v1/5e6b4d205869b318a30811a9/1584090819093-N4O9BY3O7IRCPLP0YXE3/image-asset.jpg]
[images.squarespace-cdn.com/content/v1/5e6b4d205869b318a30811a9/1584090936728-0QWGHI5K8SVRQ5EFYTD5/jamie-street-XhzGiOXw8yE-unsplash.jpg]
[assets.squarespace.com/universal/scripts-compressed/common-4cfe52649a8384c6fbcb-min.en-US.js]
[images.squarespace-cdn.com/content/v1/5e6b4d205869b318a30811a9/1584097299486-FBTLH7SLJ1D04N0XCD2P/ryan-searle-k1AFA4N8O0g-unsplash.jpg]
[images.squarespace-cdn.com/content/v1/5e6b4d205869b318a30811a9/1585758417808-JHLX1DEYDAAAMM1LM9L3/image-asset.jpg]
[images.squarespace-cdn.com/content/v1/5e6b4d205869b318a30811a9/1585160208556-T3IAN1C9E41WVN2LBM76/image-asset.jpg]
[images.squarespace-cdn.com/content/v1/5e6b4d205869b318a30811a9/1584094510883-2MMWT0JIZ70JHJSL8R4F/image-asset.jpg]
[images.squarespace-cdn.com/content/v1/5e6b4d205869b318a30811a9/1587002607053-FAW1GNQ0ZMEJLCL59DX3/AdobeStock_36343626.jpg]
[images.squarespace-cdn.com/content/v1/5e6b4d205869b318a30811a9/1587002330711-GTB5MZYYSH32H0T7V5VM/image-asset.jpg]
[images.squarespace-cdn.com/content/v1/5e6b4d205869b318a30811a9/1587002814385-2TG4XYPNWD1K4THXOKK4/AdobeStock_68349140.jpg]
[images.squarespace-cdn.com/content/v1/5e6b4d205869b318a30811a9/1587002364680-2KPNM08SGZUWY4A05KUS/image-asset.jpg]
[images.squarespace-cdn.com/content/v1/5e6b4d205869b318a30811a9/1587002409724-R6PWTXUBWOFHC9RPFEON/image-asset.jpg]
[images.squarespace-cdn.com/content/v1/5e6b4d205869b318a30811a9/1584107839717-SZ72QHIGM0G6Y1ECPF2A/image-asset.jpg]
[aladrive.com/index.html]
[assets.squarespace.com/universal/images-v6/damask/error-dark.png]
[assets.squarespace.com/universal/images-v6/damask/error-dark@2x.png]
[assets.squarespace.com/universal/images-v6/damask/play-button.png]
[assets.squarespace.com/universal/images-v6/damask/play-button@2x.png]
[assets.squarespace.com/universal/images-v6/damask/edit-aviary-light.png]
[assets.squarespace.com/universal/images-v6/damask/edit-aviary-light@2x.png]
[assets.squarespace.com/universal/images-v6/damask/edit-info-light.png]
[assets.squarespace.com/universal/images-v6/damask/edit-info-light@2x.png]
[assets.squarespace.com/universal/images-v6/damask/trash-9-light.png]
[assets.squarespace.com/universal/images-v6/damask/trash-9-light@2x.png]
[assets.squarespace.com/universal/images-v6/damask/trash-9-red.png]
[assets.squarespace.com/universal/images-v6/damask/trash-9-red@2x.png]
[assets.squarespace.com/universal/images-v6/damask/getty-16-light.png]
[assets.squarespace.com/universal/images-v6/damask/getty-32-light.png]
[static1.squarespace.com/static/vta/5c5a519771c10ba3470d8101/scripts/site-bundle.bedeb58efc807da396a767cc186b7379.js]
[assets.squarespace.com/universal/images-v6/damask/shopping-cart-16-light.png]
[assets.squarespace.com/universal/images-v6/damask/shopping-cart-32-light.png]
[assets.squarespace.com/universal/images-v6/icons/block-indicator-dark.png]
[assets.squarespace.com/universal/images-v6/icons/block-indicator-dark@2x.png]
[assets.squarespace.com/universal/images-v6/icons/opentable-icons.png]
[assets.squarespace.com/universal/images-v6/icons/icon-searchqueries-20-dark.png]
[assets.squarespace.com/universal/images-v6/icons/icon-searchqueries-20-light.png]
[assets.squarespace.com/universal/images-v6/icons/icon-video-24-light-solid.png]
[assets.squarespace.com/universal/images-v6/standard/icon_close_7_light.png]
[assets.squarespace.com/universal/images-v6/icons/icon-settings-16-light.png]
[static1.squarespace.com/static/versioned-site-css/5e6b4d205869b318a30811a9/84/5c5a519771c10ba3470d8101/5e6b4d215869b318a30811c3/1607/site.css]
[static1.squarespace.com/static/vta/5c5a519771c10ba3470d8101/versioned-assets/1738173351596-3CBVET3968X52MOL3HSY/static.css]
[assets.squarespace.com/universal/scripts-compressed/extract-css-runtime-1fe8676d506e14625635-min.en-US.js]
[aladrive.com/cart.html]
[assets.squarespace.com/universal/scripts-compressed/common-vendors-314ee5faa8772ea96b8d-min.en-US.js]
[assets.squarespace.com/universal/scripts-compressed/common-f1aaff220ac520876625-min.en-US.js]
[assets.squarespace.com/universal/scripts-compressed/commerce-checkout-d64c8d6cdd20b36e654b-min.en-US.js]
